// Jest Snapshot v1, https://goo.gl/fbAQLP

exports[`Test the Categories heading exists 1`] = `
Object {
  "asFragment": [Function],
  "baseElement": <body>
    <div>
      <section
        class="show-categories"
      >
        <div
          class="container-lg"
        >
          <h2
            class="page-content__header"
          >
            Choose Your Category
          </h2>
          <div
            class="show-categories__cats"
          >
            <div
              class="row"
            >
              <div
                class="col-md-4"
              >
                <div
                  class="show-categories__cat"
                >
                  <a
                    class="show-categories__cat-link"
                    href="/exams/undefined"
                  />
                  <div
                    class="show-categories__img-container"
                  >
                    <img
                      class="show-categories__img"
                    />
                    <h2
                      class="show-categories__cat-title"
                    />
                  </div>
                </div>
              </div>
              <div
                class="col-md-4"
              >
                <div
                  class="show-categories__cat"
                >
                  <a
                    class="show-categories__cat-link"
                    href="/exams/undefined"
                  />
                  <div
                    class="show-categories__img-container"
                  >
                    <img
                      class="show-categories__img"
                    />
                    <h2
                      class="show-categories__cat-title"
                    />
                  </div>
                </div>
              </div>
              <div
                class="col-md-4"
              >
                <div
                  class="show-categories__cat"
                >
                  <a
                    class="show-categories__cat-link"
                    href="/exams/undefined"
                  />
                  <div
                    class="show-categories__img-container"
                  >
                    <img
                      class="show-categories__img"
                    />
                    <h2
                      class="show-categories__cat-title"
                    />
                  </div>
                </div>
              </div>
            </div>
          </div>
        </div>
      </section>
    </div>
  </body>,
  "container": <div>
    <section
      class="show-categories"
    >
      <div
        class="container-lg"
      >
        <h2
          class="page-content__header"
        >
          Choose Your Category
        </h2>
        <div
          class="show-categories__cats"
        >
          <div
            class="row"
          >
            <div
              class="col-md-4"
            >
              <div
                class="show-categories__cat"
              >
                <a
                  class="show-categories__cat-link"
                  href="/exams/undefined"
                />
                <div
                  class="show-categories__img-container"
                >
                  <img
                    class="show-categories__img"
                  />
                  <h2
                    class="show-categories__cat-title"
                  />
                </div>
              </div>
            </div>
            <div
              class="col-md-4"
            >
              <div
                class="show-categories__cat"
              >
                <a
                  class="show-categories__cat-link"
                  href="/exams/undefined"
                />
                <div
                  class="show-categories__img-container"
                >
                  <img
                    class="show-categories__img"
                  />
                  <h2
                    class="show-categories__cat-title"
                  />
                </div>
              </div>
            </div>
            <div
              class="col-md-4"
            >
              <div
                class="show-categories__cat"
              >
                <a
                  class="show-categories__cat-link"
                  href="/exams/undefined"
                />
                <div
                  class="show-categories__img-container"
                >
                  <img
                    class="show-categories__img"
                  />
                  <h2
                    class="show-categories__cat-title"
                  />
                </div>
              </div>
            </div>
          </div>
        </div>
      </div>
    </section>
  </div>,
  "debug": [Function],
  "findAllByAltText": [Function],
  "findAllByDisplayValue": [Function],
  "findAllByLabelText": [Function],
  "findAllByPlaceholderText": [Function],
  "findAllByRole": [Function],
  "findAllByTestId": [Function],
  "findAllByText": [Function],
  "findAllByTitle": [Function],
  "findByAltText": [Function],
  "findByDisplayValue": [Function],
  "findByLabelText": [Function],
  "findByPlaceholderText": [Function],
  "findByRole": [Function],
  "findByTestId": [Function],
  "findByText": [Function],
  "findByTitle": [Function],
  "getAllByAltText": [Function],
  "getAllByDisplayValue": [Function],
  "getAllByLabelText": [Function],
  "getAllByPlaceholderText": [Function],
  "getAllByRole": [Function],
  "getAllByTestId": [Function],
  "getAllByText": [Function],
  "getAllByTitle": [Function],
  "getByAltText": [Function],
  "getByDisplayValue": [Function],
  "getByLabelText": [Function],
  "getByPlaceholderText": [Function],
  "getByRole": [Function],
  "getByTestId": [Function],
  "getByText": [Function],
  "getByTitle": [Function],
  "queryAllByAltText": [Function],
  "queryAllByDisplayValue": [Function],
  "queryAllByLabelText": [Function],
  "queryAllByPlaceholderText": [Function],
  "queryAllByRole": [Function],
  "queryAllByTestId": [Function],
  "queryAllByText": [Function],
  "queryAllByTitle": [Function],
  "queryByAltText": [Function],
  "queryByDisplayValue": [Function],
  "queryByLabelText": [Function],
  "queryByPlaceholderText": [Function],
  "queryByRole": [Function],
  "queryByTestId": [Function],
  "queryByText": [Function],
  "queryByTitle": [Function],
  "rerender": [Function],
  "unmount": [Function],
}
`;
