// Jest Snapshot v1, https://goo.gl/fbAQLP

exports[`Test the Welcome User heading exists 1`] = `
Object {
  "asFragment": [Function],
  "baseElement": <body>
    <div>
      <div
        class="overview__welcome-user"
      >
        <div
          class="overview__welcome-user-type-wrapper"
        >
          <svg
            class="overview__welcome-user-type-icon"
          >
            membersPortal.svg
          </svg>
        </div>
        <div
          class="overview__welcome-user-info"
        >
          <h2
            class="overview__welcome-user-info-title"
          >
            Teacher Portal
          </h2>
          <h3
            class="overview__welcome-user-info-welcome"
          >
            Welcome ali mohammed In your dashboard
          </h3>
        </div>
        <div />
      </div>
    </div>
  </body>,
  "container": <div>
    <div
      class="overview__welcome-user"
    >
      <div
        class="overview__welcome-user-type-wrapper"
      >
        <svg
          class="overview__welcome-user-type-icon"
        >
          membersPortal.svg
        </svg>
      </div>
      <div
        class="overview__welcome-user-info"
      >
        <h2
          class="overview__welcome-user-info-title"
        >
          Teacher Portal
        </h2>
        <h3
          class="overview__welcome-user-info-welcome"
        >
          Welcome ali mohammed In your dashboard
        </h3>
      </div>
      <div />
    </div>
  </div>,
  "debug": [Function],
  "findAllByAltText": [Function],
  "findAllByDisplayValue": [Function],
  "findAllByLabelText": [Function],
  "findAllByPlaceholderText": [Function],
  "findAllByRole": [Function],
  "findAllByTestId": [Function],
  "findAllByText": [Function],
  "findAllByTitle": [Function],
  "findByAltText": [Function],
  "findByDisplayValue": [Function],
  "findByLabelText": [Function],
  "findByPlaceholderText": [Function],
  "findByRole": [Function],
  "findByTestId": [Function],
  "findByText": [Function],
  "findByTitle": [Function],
  "getAllByAltText": [Function],
  "getAllByDisplayValue": [Function],
  "getAllByLabelText": [Function],
  "getAllByPlaceholderText": [Function],
  "getAllByRole": [Function],
  "getAllByTestId": [Function],
  "getAllByText": [Function],
  "getAllByTitle": [Function],
  "getByAltText": [Function],
  "getByDisplayValue": [Function],
  "getByLabelText": [Function],
  "getByPlaceholderText": [Function],
  "getByRole": [Function],
  "getByTestId": [Function],
  "getByText": [Function],
  "getByTitle": [Function],
  "queryAllByAltText": [Function],
  "queryAllByDisplayValue": [Function],
  "queryAllByLabelText": [Function],
  "queryAllByPlaceholderText": [Function],
  "queryAllByRole": [Function],
  "queryAllByTestId": [Function],
  "queryAllByText": [Function],
  "queryAllByTitle": [Function],
  "queryByAltText": [Function],
  "queryByDisplayValue": [Function],
  "queryByLabelText": [Function],
  "queryByPlaceholderText": [Function],
  "queryByRole": [Function],
  "queryByTestId": [Function],
  "queryByText": [Function],
  "queryByTitle": [Function],
  "rerender": [Function],
  "unmount": [Function],
}
`;
