// Jest Snapshot v1, https://goo.gl/fbAQLP

exports[`Test the Registeration Form  Registeration Form 1`] = `
Object {
  "asFragment": [Function],
  "baseElement": <body>
    <div />
    <div>
      <div
        class="sign-up-form-content"
      >
        <div
          class="sign-up__form-content-container"
        >
          <p
            class="sign-up-form-title"
          >
            Getting Started
          </p>
          <div
            class="sign-up-form"
          >
            <div
              class="form__grid"
            >
              <div
                class="form__input-cont"
              >
                <label
                  class="form__input-label"
                  for="form__input-text"
                >
                  Name
                </label>
                <input
                  class="form__input "
                  id="form__input-text"
                  name="name"
                  placeholder="Type Name Here"
                  type="text"
                />
              </div>
              <div
                class="form__input-cont"
              >
                <label
                  class="form__input-label"
                  for="form__input-email"
                >
                  Email
                </label>
                <input
                  class="form__input "
                  id="form__input-email"
                  name="email"
                  placeholder="Type Email Here"
                  type="email"
                />
              </div>
              <div
                class="form__input-cont"
              >
                <label
                  class="form__input-label"
                  for="form__input-password"
                >
                  Password
                </label>
                <div
                  class="form__input-password"
                >
                  <input
                    class="form__input "
                    id="form__input-password"
                    name="password"
                    placeholder="Type Password Here"
                    type="password"
                  />
                  <button
                    class="form__view-pass"
                    type="button"
                  >
                    <svg
                      class="form__view-pass-icon"
                    >
                      passwordViewed.svg
                    </svg>
                  </button>
                </div>
              </div>
              <div
                class="form__input-cont"
              >
                <label
                  class="form__input-label"
                  for="form__input-confirm-password"
                >
                  Confirm Password
                </label>
                <div
                  class="form__input-password"
                >
                  <input
                    class="form__input "
                    id="form__input-confirm-password"
                    name="password_confirmation"
                    placeholder="Type Password Here"
                    type="password"
                  />
                  <button
                    class="form__view-pass js-form__view-pass"
                    type="button"
                  >
                    <svg
                      class="form__view-pass-icon"
                    >
                      passwordViewed.svg
                    </svg>
                  </button>
                </div>
              </div>
            </div>
            <div
              class="sign-up__remeber-me"
            >
              <div
                class="sign-up__remeber-me-cont"
              >
                <input
                  class="sign-up__remeber-me-check "
                  id="sign-up__remeber-me-check"
                  name="terms_agree"
                  type="checkbox"
                />
                <label
                  class="sign-up__remeber-me-label "
                  for="sign-up__remeber-me-check"
                >
                  Agree To 
                  <a
                    aria-current="page"
                    class="sign-up-__tems-link  active"
                    href="/"
                  >
                    Terms and Conditions
                  </a>
                </label>
              </div>
            </div>
            <button
              class="form__submit"
              type="submit"
            >
              Sign Up
            </button>
          </div>
          <p
            class="sign-up__with-other-ways"
          >
            Or Login With
          </p>
          <div
            class="sign-up__social-media-cont"
          >
            <button
              class="sign-up__social-media-button"
            >
              <svg>
                facebook.svg
              </svg>
            </button>
            <button
              class="sign-up__social-media-button"
            >
              <svg>
                google.svg
              </svg>
            </button>
            <button
              class="sign-up__social-media-button"
            >
              <svg>
                linkedin.svg
              </svg>
            </button>
          </div>
        </div>
      </div>
      <p
        class="sign-up__alredy-have-accout"
      >
        Already Have An Account ? 
        <a
          class="sign-up__move-to-login"
          href="/login"
        >
           Log In
        </a>
      </p>
    </div>
  </body>,
  "container": <div>
    <div
      class="sign-up-form-content"
    >
      <div
        class="sign-up__form-content-container"
      >
        <p
          class="sign-up-form-title"
        >
          Getting Started
        </p>
        <div
          class="sign-up-form"
        >
          <div
            class="form__grid"
          >
            <div
              class="form__input-cont"
            >
              <label
                class="form__input-label"
                for="form__input-text"
              >
                Name
              </label>
              <input
                class="form__input "
                id="form__input-text"
                name="name"
                placeholder="Type Name Here"
                type="text"
              />
            </div>
            <div
              class="form__input-cont"
            >
              <label
                class="form__input-label"
                for="form__input-email"
              >
                Email
              </label>
              <input
                class="form__input "
                id="form__input-email"
                name="email"
                placeholder="Type Email Here"
                type="email"
              />
            </div>
            <div
              class="form__input-cont"
            >
              <label
                class="form__input-label"
                for="form__input-password"
              >
                Password
              </label>
              <div
                class="form__input-password"
              >
                <input
                  class="form__input "
                  id="form__input-password"
                  name="password"
                  placeholder="Type Password Here"
                  type="password"
                />
                <button
                  class="form__view-pass"
                  type="button"
                >
                  <svg
                    class="form__view-pass-icon"
                  >
                    passwordViewed.svg
                  </svg>
                </button>
              </div>
            </div>
            <div
              class="form__input-cont"
            >
              <label
                class="form__input-label"
                for="form__input-confirm-password"
              >
                Confirm Password
              </label>
              <div
                class="form__input-password"
              >
                <input
                  class="form__input "
                  id="form__input-confirm-password"
                  name="password_confirmation"
                  placeholder="Type Password Here"
                  type="password"
                />
                <button
                  class="form__view-pass js-form__view-pass"
                  type="button"
                >
                  <svg
                    class="form__view-pass-icon"
                  >
                    passwordViewed.svg
                  </svg>
                </button>
              </div>
            </div>
          </div>
          <div
            class="sign-up__remeber-me"
          >
            <div
              class="sign-up__remeber-me-cont"
            >
              <input
                class="sign-up__remeber-me-check "
                id="sign-up__remeber-me-check"
                name="terms_agree"
                type="checkbox"
              />
              <label
                class="sign-up__remeber-me-label "
                for="sign-up__remeber-me-check"
              >
                Agree To 
                <a
                  aria-current="page"
                  class="sign-up-__tems-link  active"
                  href="/"
                >
                  Terms and Conditions
                </a>
              </label>
            </div>
          </div>
          <button
            class="form__submit"
            type="submit"
          >
            Sign Up
          </button>
        </div>
        <p
          class="sign-up__with-other-ways"
        >
          Or Login With
        </p>
        <div
          class="sign-up__social-media-cont"
        >
          <button
            class="sign-up__social-media-button"
          >
            <svg>
              facebook.svg
            </svg>
          </button>
          <button
            class="sign-up__social-media-button"
          >
            <svg>
              google.svg
            </svg>
          </button>
          <button
            class="sign-up__social-media-button"
          >
            <svg>
              linkedin.svg
            </svg>
          </button>
        </div>
      </div>
    </div>
    <p
      class="sign-up__alredy-have-accout"
    >
      Already Have An Account ? 
      <a
        class="sign-up__move-to-login"
        href="/login"
      >
         Log In
      </a>
    </p>
  </div>,
  "debug": [Function],
  "findAllByAltText": [Function],
  "findAllByDisplayValue": [Function],
  "findAllByLabelText": [Function],
  "findAllByPlaceholderText": [Function],
  "findAllByRole": [Function],
  "findAllByTestId": [Function],
  "findAllByText": [Function],
  "findAllByTitle": [Function],
  "findByAltText": [Function],
  "findByDisplayValue": [Function],
  "findByLabelText": [Function],
  "findByPlaceholderText": [Function],
  "findByRole": [Function],
  "findByTestId": [Function],
  "findByText": [Function],
  "findByTitle": [Function],
  "getAllByAltText": [Function],
  "getAllByDisplayValue": [Function],
  "getAllByLabelText": [Function],
  "getAllByPlaceholderText": [Function],
  "getAllByRole": [Function],
  "getAllByTestId": [Function],
  "getAllByText": [Function],
  "getAllByTitle": [Function],
  "getByAltText": [Function],
  "getByDisplayValue": [Function],
  "getByLabelText": [Function],
  "getByPlaceholderText": [Function],
  "getByRole": [Function],
  "getByTestId": [Function],
  "getByText": [Function],
  "getByTitle": [Function],
  "queryAllByAltText": [Function],
  "queryAllByDisplayValue": [Function],
  "queryAllByLabelText": [Function],
  "queryAllByPlaceholderText": [Function],
  "queryAllByRole": [Function],
  "queryAllByTestId": [Function],
  "queryAllByText": [Function],
  "queryAllByTitle": [Function],
  "queryByAltText": [Function],
  "queryByDisplayValue": [Function],
  "queryByLabelText": [Function],
  "queryByPlaceholderText": [Function],
  "queryByRole": [Function],
  "queryByTestId": [Function],
  "queryByText": [Function],
  "queryByTitle": [Function],
  "rerender": [Function],
  "unmount": [Function],
}
`;
