// Jest Snapshot v1, https://goo.gl/fbAQLP

exports[`Test the Home Gets Started Heading exists 1`] = `
Object {
  "asFragment": [Function],
  "baseElement": <body>
    <div>
      <section
        id="get-started"
      >
        <div
          class="container"
        >
          <div
            class="row"
          >
            <div
              class="col-md-6 col-12"
            >
              <div
                class="get-started__img"
              />
            </div>
            <div
              class="col-md-6 col-12"
            >
              <h2
                class="get-started__heading"
              >
                HOW TO 
                <span
                  class="get-started__heading-span"
                >
                  GET STARTED
                </span>
                 .. !
              </h2>
              <p
                class="get-started__para"
              >
                Lorem ipsum dolor sit amet, consetetur sadipscing Lorem ipsum dolor sit amet, consetetur sadipscing
              </p>
              <div
                class="get-started__features"
              >
                <div
                  class="get-started__feature"
                >
                  <div
                    class="get-started__icon"
                  >
                    <svg
                      class="get-started__icon-svg"
                    >
                      star.svg
                    </svg>
                  </div>
                  <div
                    class="get-started__feature-desc"
                  >
                    <h3
                      class="get-started__feature-heading"
                    >
                      HEADLINE
                    </h3>
                    <p
                      class="get-started__feature-para"
                    >
                      Lorem ipsum dolor sit amet, consetetur sadipscing Lorem
                    </p>
                  </div>
                </div>
                <div
                  class="get-started__feature"
                >
                  <div
                    class="get-started__icon"
                  >
                    <svg
                      class="get-started__icon-svg"
                    >
                      star.svg
                    </svg>
                  </div>
                  <div
                    class="get-started__feature-desc"
                  >
                    <h3
                      class="get-started__feature-heading"
                    >
                      HEADLINE
                    </h3>
                    <p
                      class="get-started__feature-para"
                    >
                      Lorem ipsum dolor sit amet, consetetur sadipscing Lorem
                    </p>
                  </div>
                </div>
                <div
                  class="get-started__feature"
                >
                  <div
                    class="get-started__icon"
                  >
                    <svg
                      class="get-started__icon-svg"
                    >
                      star.svg
                    </svg>
                  </div>
                  <div
                    class="get-started__feature-desc"
                  >
                    <h3
                      class="get-started__feature-heading"
                    >
                      HEADLINE
                    </h3>
                    <p
                      class="get-started__feature-para"
                    >
                      Lorem ipsum dolor sit amet, consetetur sadipscing Lorem
                    </p>
                  </div>
                </div>
              </div>
            </div>
          </div>
        </div>
      </section>
    </div>
  </body>,
  "container": <div>
    <section
      id="get-started"
    >
      <div
        class="container"
      >
        <div
          class="row"
        >
          <div
            class="col-md-6 col-12"
          >
            <div
              class="get-started__img"
            />
          </div>
          <div
            class="col-md-6 col-12"
          >
            <h2
              class="get-started__heading"
            >
              HOW TO 
              <span
                class="get-started__heading-span"
              >
                GET STARTED
              </span>
               .. !
            </h2>
            <p
              class="get-started__para"
            >
              Lorem ipsum dolor sit amet, consetetur sadipscing Lorem ipsum dolor sit amet, consetetur sadipscing
            </p>
            <div
              class="get-started__features"
            >
              <div
                class="get-started__feature"
              >
                <div
                  class="get-started__icon"
                >
                  <svg
                    class="get-started__icon-svg"
                  >
                    star.svg
                  </svg>
                </div>
                <div
                  class="get-started__feature-desc"
                >
                  <h3
                    class="get-started__feature-heading"
                  >
                    HEADLINE
                  </h3>
                  <p
                    class="get-started__feature-para"
                  >
                    Lorem ipsum dolor sit amet, consetetur sadipscing Lorem
                  </p>
                </div>
              </div>
              <div
                class="get-started__feature"
              >
                <div
                  class="get-started__icon"
                >
                  <svg
                    class="get-started__icon-svg"
                  >
                    star.svg
                  </svg>
                </div>
                <div
                  class="get-started__feature-desc"
                >
                  <h3
                    class="get-started__feature-heading"
                  >
                    HEADLINE
                  </h3>
                  <p
                    class="get-started__feature-para"
                  >
                    Lorem ipsum dolor sit amet, consetetur sadipscing Lorem
                  </p>
                </div>
              </div>
              <div
                class="get-started__feature"
              >
                <div
                  class="get-started__icon"
                >
                  <svg
                    class="get-started__icon-svg"
                  >
                    star.svg
                  </svg>
                </div>
                <div
                  class="get-started__feature-desc"
                >
                  <h3
                    class="get-started__feature-heading"
                  >
                    HEADLINE
                  </h3>
                  <p
                    class="get-started__feature-para"
                  >
                    Lorem ipsum dolor sit amet, consetetur sadipscing Lorem
                  </p>
                </div>
              </div>
            </div>
          </div>
        </div>
      </div>
    </section>
  </div>,
  "debug": [Function],
  "findAllByAltText": [Function],
  "findAllByDisplayValue": [Function],
  "findAllByLabelText": [Function],
  "findAllByPlaceholderText": [Function],
  "findAllByRole": [Function],
  "findAllByTestId": [Function],
  "findAllByText": [Function],
  "findAllByTitle": [Function],
  "findByAltText": [Function],
  "findByDisplayValue": [Function],
  "findByLabelText": [Function],
  "findByPlaceholderText": [Function],
  "findByRole": [Function],
  "findByTestId": [Function],
  "findByText": [Function],
  "findByTitle": [Function],
  "getAllByAltText": [Function],
  "getAllByDisplayValue": [Function],
  "getAllByLabelText": [Function],
  "getAllByPlaceholderText": [Function],
  "getAllByRole": [Function],
  "getAllByTestId": [Function],
  "getAllByText": [Function],
  "getAllByTitle": [Function],
  "getByAltText": [Function],
  "getByDisplayValue": [Function],
  "getByLabelText": [Function],
  "getByPlaceholderText": [Function],
  "getByRole": [Function],
  "getByTestId": [Function],
  "getByText": [Function],
  "getByTitle": [Function],
  "queryAllByAltText": [Function],
  "queryAllByDisplayValue": [Function],
  "queryAllByLabelText": [Function],
  "queryAllByPlaceholderText": [Function],
  "queryAllByRole": [Function],
  "queryAllByTestId": [Function],
  "queryAllByText": [Function],
  "queryAllByTitle": [Function],
  "queryByAltText": [Function],
  "queryByDisplayValue": [Function],
  "queryByLabelText": [Function],
  "queryByPlaceholderText": [Function],
  "queryByRole": [Function],
  "queryByTestId": [Function],
  "queryByText": [Function],
  "queryByTitle": [Function],
  "rerender": [Function],
  "unmount": [Function],
}
`;
