// Jest Snapshot v1, https://goo.gl/fbAQLP

exports[`Test the home Courses heading exists 1`] = `
Object {
  "asFragment": [Function],
  "baseElement": <body>
    <div>
      <section
        id="courses"
      >
        <div
          class="container"
        >
          <h2
            class="courses__heading"
          >
            Courses
          </h2>
          <p
            class="courses__desc"
          >
            Lorem ipsum dolor sit amet, consetetur sadipscing Lorem ipsum dolor sit amet, consetetur sadipscing
          </p>
          <div
            class="row"
          >
            <div
              class="m-auto mb-3 mb-md-4  col-lg-3 col-md-4 col-6"
            >
              <a
                class="courses__content-link"
                href="#"
              >
                <svg
                  class="courses__content-icon"
                >
                  pysics.svg
                </svg>
                <span
                  class="courses__content-title"
                >
                  PHYSICS
                </span>
              </a>
            </div>
            <div
              class="m-auto mb-3 mb-md-4 col-lg-3 col-md-4 col-6"
            >
              <a
                class="courses__content-link"
                href="#"
              >
                <svg
                  class="courses__content-icon"
                >
                  math.svg
                </svg>
                <span
                  class="courses__content-title"
                >
                  MATHS
                </span>
              </a>
            </div>
            <div
              class="m-auto mb-3 mb-md-4 col-lg-3 col-md-4 col-6"
            >
              <a
                class="courses__content-link"
                href="#"
              >
                <svg
                  class="courses__content-icon"
                >
                  literal.svg
                </svg>
                <span
                  class="courses__content-title"
                >
                  LITERACY
                </span>
              </a>
            </div>
            <div
              class="m-auto mb-3 mb-md-4 col-lg-3 col-md-4 col-6"
            >
              <a
                class="courses__content-link"
                href="#"
              >
                <svg
                  class="courses__content-icon"
                >
                  chemistry.svg
                </svg>
                <span
                  class="courses__content-title"
                >
                  CHEMISTRY
                </span>
              </a>
            </div>
            <div
              class="m-auto mb-3 mb-md-4  col-lg-3 col-md-4 col-6"
            >
              <a
                class="courses__content-link"
                href="#"
              >
                <svg
                  class="courses__content-icon"
                >
                  pysics.svg
                </svg>
                <span
                  class="courses__content-title"
                >
                  PHYSICS
                </span>
              </a>
            </div>
            <div
              class="m-auto mb-3 mb-md-4 col-lg-3 col-md-4 col-6"
            >
              <a
                class="courses__content-link"
                href="#"
              >
                <svg
                  class="courses__content-icon"
                >
                  math.svg
                </svg>
                <span
                  class="courses__content-title"
                >
                  MATHS
                </span>
              </a>
            </div>
            <div
              class="m-auto mb-3 mb-md-4 col-lg-3 col-md-4 col-6"
            >
              <a
                class="courses__content-link"
                href="#"
              >
                <svg
                  class="courses__content-icon"
                >
                  literal.svg
                </svg>
                <span
                  class="courses__content-title"
                >
                  LITERACY
                </span>
              </a>
            </div>
            <div
              class="m-auto mb-3 mb-md-4 col-lg-3 col-md-4 col-6"
            >
              <a
                class="courses__content-link"
                href="#"
              >
                <svg
                  class="courses__content-icon"
                >
                  chemistry.svg
                </svg>
                <span
                  class="courses__content-title"
                >
                  CHEMISTRY
                </span>
              </a>
            </div>
          </div>
        </div>
      </section>
    </div>
  </body>,
  "container": <div>
    <section
      id="courses"
    >
      <div
        class="container"
      >
        <h2
          class="courses__heading"
        >
          Courses
        </h2>
        <p
          class="courses__desc"
        >
          Lorem ipsum dolor sit amet, consetetur sadipscing Lorem ipsum dolor sit amet, consetetur sadipscing
        </p>
        <div
          class="row"
        >
          <div
            class="m-auto mb-3 mb-md-4  col-lg-3 col-md-4 col-6"
          >
            <a
              class="courses__content-link"
              href="#"
            >
              <svg
                class="courses__content-icon"
              >
                pysics.svg
              </svg>
              <span
                class="courses__content-title"
              >
                PHYSICS
              </span>
            </a>
          </div>
          <div
            class="m-auto mb-3 mb-md-4 col-lg-3 col-md-4 col-6"
          >
            <a
              class="courses__content-link"
              href="#"
            >
              <svg
                class="courses__content-icon"
              >
                math.svg
              </svg>
              <span
                class="courses__content-title"
              >
                MATHS
              </span>
            </a>
          </div>
          <div
            class="m-auto mb-3 mb-md-4 col-lg-3 col-md-4 col-6"
          >
            <a
              class="courses__content-link"
              href="#"
            >
              <svg
                class="courses__content-icon"
              >
                literal.svg
              </svg>
              <span
                class="courses__content-title"
              >
                LITERACY
              </span>
            </a>
          </div>
          <div
            class="m-auto mb-3 mb-md-4 col-lg-3 col-md-4 col-6"
          >
            <a
              class="courses__content-link"
              href="#"
            >
              <svg
                class="courses__content-icon"
              >
                chemistry.svg
              </svg>
              <span
                class="courses__content-title"
              >
                CHEMISTRY
              </span>
            </a>
          </div>
          <div
            class="m-auto mb-3 mb-md-4  col-lg-3 col-md-4 col-6"
          >
            <a
              class="courses__content-link"
              href="#"
            >
              <svg
                class="courses__content-icon"
              >
                pysics.svg
              </svg>
              <span
                class="courses__content-title"
              >
                PHYSICS
              </span>
            </a>
          </div>
          <div
            class="m-auto mb-3 mb-md-4 col-lg-3 col-md-4 col-6"
          >
            <a
              class="courses__content-link"
              href="#"
            >
              <svg
                class="courses__content-icon"
              >
                math.svg
              </svg>
              <span
                class="courses__content-title"
              >
                MATHS
              </span>
            </a>
          </div>
          <div
            class="m-auto mb-3 mb-md-4 col-lg-3 col-md-4 col-6"
          >
            <a
              class="courses__content-link"
              href="#"
            >
              <svg
                class="courses__content-icon"
              >
                literal.svg
              </svg>
              <span
                class="courses__content-title"
              >
                LITERACY
              </span>
            </a>
          </div>
          <div
            class="m-auto mb-3 mb-md-4 col-lg-3 col-md-4 col-6"
          >
            <a
              class="courses__content-link"
              href="#"
            >
              <svg
                class="courses__content-icon"
              >
                chemistry.svg
              </svg>
              <span
                class="courses__content-title"
              >
                CHEMISTRY
              </span>
            </a>
          </div>
        </div>
      </div>
    </section>
  </div>,
  "debug": [Function],
  "findAllByAltText": [Function],
  "findAllByDisplayValue": [Function],
  "findAllByLabelText": [Function],
  "findAllByPlaceholderText": [Function],
  "findAllByRole": [Function],
  "findAllByTestId": [Function],
  "findAllByText": [Function],
  "findAllByTitle": [Function],
  "findByAltText": [Function],
  "findByDisplayValue": [Function],
  "findByLabelText": [Function],
  "findByPlaceholderText": [Function],
  "findByRole": [Function],
  "findByTestId": [Function],
  "findByText": [Function],
  "findByTitle": [Function],
  "getAllByAltText": [Function],
  "getAllByDisplayValue": [Function],
  "getAllByLabelText": [Function],
  "getAllByPlaceholderText": [Function],
  "getAllByRole": [Function],
  "getAllByTestId": [Function],
  "getAllByText": [Function],
  "getAllByTitle": [Function],
  "getByAltText": [Function],
  "getByDisplayValue": [Function],
  "getByLabelText": [Function],
  "getByPlaceholderText": [Function],
  "getByRole": [Function],
  "getByTestId": [Function],
  "getByText": [Function],
  "getByTitle": [Function],
  "queryAllByAltText": [Function],
  "queryAllByDisplayValue": [Function],
  "queryAllByLabelText": [Function],
  "queryAllByPlaceholderText": [Function],
  "queryAllByRole": [Function],
  "queryAllByTestId": [Function],
  "queryAllByText": [Function],
  "queryAllByTitle": [Function],
  "queryByAltText": [Function],
  "queryByDisplayValue": [Function],
  "queryByLabelText": [Function],
  "queryByPlaceholderText": [Function],
  "queryByRole": [Function],
  "queryByTestId": [Function],
  "queryByText": [Function],
  "queryByTitle": [Function],
  "rerender": [Function],
  "unmount": [Function],
}
`;
