// Jest Snapshot v1, https://goo.gl/fbAQLP

exports[`Test the Add Test  TestConfiguration 1`] = `
Object {
  "asFragment": [Function],
  "baseElement": <body>
    <div />
    <div>
      <div
        class="add-test__configuration-field-cont"
      >
        <div
          class="add-test__configuration-label-cont"
        >
          <label
            class="add-test__config-label"
          >
            Exam Time
          </label>
          <div
            class="toggle-button-cover"
          >
            <div
              class="button-cover"
            >
              <div
                class="toggle-button r"
                id="button-3"
              >
                <input
                  class="checkbox"
                  name="test_configuration.exam_time.active"
                  type="checkbox"
                />
                <div
                  class="knobs"
                />
                <div
                  class="layer"
                />
              </div>
            </div>
          </div>
        </div>
      </div>
      <div
        class="add-test__configuration-field-cont"
      >
        <div
          class="add-test__configuration-label-cont"
        >
          <label
            class="add-test__config-label"
          >
            ُExam Language
          </label>
        </div>
        <div
          class="add-test__configuration-field-input"
        >
          <select
            class="form-select mt-3"
            name="test_configuration.exam_language"
          >
            <option
              value="english"
            >
              English
            </option>
            <option
              value="arabic"
            >
              العربية
            </option>
          </select>
        </div>
      </div>
      <div
        class="add-test__configuration-field-cont"
      >
        <div
          class="add-test__configuration-label-cont"
        >
          <label
            class="add-test__config-label"
          >
            Exam Available For Who
          </label>
        </div>
        <div
          class="add-test__configuration-field-input"
        >
          <select
            class="form-select mt-3"
            name="test_configuration.exam_available_for_who.value"
          >
            <option
              value="0"
            >
              All users in Invo
            </option>
            <option
              value="1"
            >
              All users in my groups
            </option>
            <option
              value="2"
            >
              Users with specific codes
            </option>
            <option
              value="3"
            >
              No one
            </option>
          </select>
        </div>
      </div>
      <div
        class="add-test__configuration-field-cont"
      >
        <div
          class="add-test__configuration-label-cont"
        >
          <label
            class="add-test__config-label"
          >
            Exam Available When
          </label>
        </div>
        <div
          class="add-test__configuration-field-input"
        >
          <select
            class="form-select mt-3"
            name="test_configuration.exam_available_for_when.value"
          >
            <option
              value="0"
            >
              For Ever
            </option>
            <option
              value="1"
            >
              For Specific Time
            </option>
          </select>
        </div>
      </div>
      <div
        class="add-test__configuration-field-cont"
      >
        <div
          class="add-test__configuration-label-cont"
        >
          <label
            class="add-test__config-label"
          >
            Show exam Questions
          </label>
        </div>
        <div
          class="add-test__configuration-field-input"
        >
          <select
            class="form-select mt-3"
            name="test_configuration.show_exam_questions.value"
          >
            <option
              value="0"
            >
              In added order
            </option>
            <option
              value="1"
            >
              Random for all questions
            </option>
            <option
              value="2"
            >
              Random for groups
            </option>
          </select>
        </div>
      </div>
      <div
        class="add-test__configuration-field-cont"
      >
        <div
          class="add-test__configuration-label-cont"
        >
          <label
            class="add-test__config-label"
          >
            Show exam answers
          </label>
        </div>
        <div
          class="add-test__configuration-field-input"
        >
          <select
            class="form-select mt-3"
            name="test_configuration.show_exam_answers.value"
          >
            <option
              value="0"
            >
              After end exam
            </option>
            <option
              value="1"
            >
              After answer each question
            </option>
            <option
              value="2"
            >
              After end exam after specific date
            </option>
            <option
              value="3"
            >
              Never show answer
            </option>
          </select>
        </div>
      </div>
    </div>
  </body>,
  "container": <div>
    <div
      class="add-test__configuration-field-cont"
    >
      <div
        class="add-test__configuration-label-cont"
      >
        <label
          class="add-test__config-label"
        >
          Exam Time
        </label>
        <div
          class="toggle-button-cover"
        >
          <div
            class="button-cover"
          >
            <div
              class="toggle-button r"
              id="button-3"
            >
              <input
                class="checkbox"
                name="test_configuration.exam_time.active"
                type="checkbox"
              />
              <div
                class="knobs"
              />
              <div
                class="layer"
              />
            </div>
          </div>
        </div>
      </div>
    </div>
    <div
      class="add-test__configuration-field-cont"
    >
      <div
        class="add-test__configuration-label-cont"
      >
        <label
          class="add-test__config-label"
        >
          ُExam Language
        </label>
      </div>
      <div
        class="add-test__configuration-field-input"
      >
        <select
          class="form-select mt-3"
          name="test_configuration.exam_language"
        >
          <option
            value="english"
          >
            English
          </option>
          <option
            value="arabic"
          >
            العربية
          </option>
        </select>
      </div>
    </div>
    <div
      class="add-test__configuration-field-cont"
    >
      <div
        class="add-test__configuration-label-cont"
      >
        <label
          class="add-test__config-label"
        >
          Exam Available For Who
        </label>
      </div>
      <div
        class="add-test__configuration-field-input"
      >
        <select
          class="form-select mt-3"
          name="test_configuration.exam_available_for_who.value"
        >
          <option
            value="0"
          >
            All users in Invo
          </option>
          <option
            value="1"
          >
            All users in my groups
          </option>
          <option
            value="2"
          >
            Users with specific codes
          </option>
          <option
            value="3"
          >
            No one
          </option>
        </select>
      </div>
    </div>
    <div
      class="add-test__configuration-field-cont"
    >
      <div
        class="add-test__configuration-label-cont"
      >
        <label
          class="add-test__config-label"
        >
          Exam Available When
        </label>
      </div>
      <div
        class="add-test__configuration-field-input"
      >
        <select
          class="form-select mt-3"
          name="test_configuration.exam_available_for_when.value"
        >
          <option
            value="0"
          >
            For Ever
          </option>
          <option
            value="1"
          >
            For Specific Time
          </option>
        </select>
      </div>
    </div>
    <div
      class="add-test__configuration-field-cont"
    >
      <div
        class="add-test__configuration-label-cont"
      >
        <label
          class="add-test__config-label"
        >
          Show exam Questions
        </label>
      </div>
      <div
        class="add-test__configuration-field-input"
      >
        <select
          class="form-select mt-3"
          name="test_configuration.show_exam_questions.value"
        >
          <option
            value="0"
          >
            In added order
          </option>
          <option
            value="1"
          >
            Random for all questions
          </option>
          <option
            value="2"
          >
            Random for groups
          </option>
        </select>
      </div>
    </div>
    <div
      class="add-test__configuration-field-cont"
    >
      <div
        class="add-test__configuration-label-cont"
      >
        <label
          class="add-test__config-label"
        >
          Show exam answers
        </label>
      </div>
      <div
        class="add-test__configuration-field-input"
      >
        <select
          class="form-select mt-3"
          name="test_configuration.show_exam_answers.value"
        >
          <option
            value="0"
          >
            After end exam
          </option>
          <option
            value="1"
          >
            After answer each question
          </option>
          <option
            value="2"
          >
            After end exam after specific date
          </option>
          <option
            value="3"
          >
            Never show answer
          </option>
        </select>
      </div>
    </div>
  </div>,
  "debug": [Function],
  "findAllByAltText": [Function],
  "findAllByDisplayValue": [Function],
  "findAllByLabelText": [Function],
  "findAllByPlaceholderText": [Function],
  "findAllByRole": [Function],
  "findAllByTestId": [Function],
  "findAllByText": [Function],
  "findAllByTitle": [Function],
  "findByAltText": [Function],
  "findByDisplayValue": [Function],
  "findByLabelText": [Function],
  "findByPlaceholderText": [Function],
  "findByRole": [Function],
  "findByTestId": [Function],
  "findByText": [Function],
  "findByTitle": [Function],
  "getAllByAltText": [Function],
  "getAllByDisplayValue": [Function],
  "getAllByLabelText": [Function],
  "getAllByPlaceholderText": [Function],
  "getAllByRole": [Function],
  "getAllByTestId": [Function],
  "getAllByText": [Function],
  "getAllByTitle": [Function],
  "getByAltText": [Function],
  "getByDisplayValue": [Function],
  "getByLabelText": [Function],
  "getByPlaceholderText": [Function],
  "getByRole": [Function],
  "getByTestId": [Function],
  "getByText": [Function],
  "getByTitle": [Function],
  "queryAllByAltText": [Function],
  "queryAllByDisplayValue": [Function],
  "queryAllByLabelText": [Function],
  "queryAllByPlaceholderText": [Function],
  "queryAllByRole": [Function],
  "queryAllByTestId": [Function],
  "queryAllByText": [Function],
  "queryAllByTitle": [Function],
  "queryByAltText": [Function],
  "queryByDisplayValue": [Function],
  "queryByLabelText": [Function],
  "queryByPlaceholderText": [Function],
  "queryByRole": [Function],
  "queryByTestId": [Function],
  "queryByText": [Function],
  "queryByTitle": [Function],
  "rerender": [Function],
  "unmount": [Function],
}
`;
